// Jest Snapshot v1, https://goo.gl/fbAQLP

exports[`Footer renders properly 1`] = `
<div class="wrap-footer">
  <footer>
    <search-stub></search-stub>
  </footer>
</div>
`;
